---
source: src/render.rs
expression: terminal.backend().to_string()
---
"~   ~ ~ ~  ~~~~~~~~   ~ ~ ~  ~~~~~~~~  ~ ~ ~   ~~~~~~~~  ~ ~"
"    o><((°>                                                 "
"      cargo         o                                       "
"                                                   <°)))><  "
"                                                   firefox  "
"                                                            "
"       °                                                    "
"                                                 o          "
"                                                            "
"                                                        °   "
"                                                          ° "
"                         <><                                "
"                         zsh │ details ───────────────────│ "
"                             │ cargo                      │ "
"                ~        °   │ pid 2       ppid -         │ "
"     ~           )     °     │ cpu 80.0%                  │ "
"    (            )        °  │ mem 200.0 MiB              │ "
"    (            )           │ sleeping                   │ "
"   ° (   ~     ~ )           │────────────────────────────│ "
".··.^·.··.··.··^··.··.··.·^.··.··.··.^·.··.··.··^··.··.··.·^"
