---
source: src/render.rs
expression: terminal.backend().to_string()
---
"~   ~ ~ ~  ~~~~~~~~   ~ ~ ~  ~~~~~~~~  ~ ~ ~   ~~~~~~~~  ~ ~"
"o                                                           "
"                  o                                         "
"                                                            "
"   °                                                        "
"                                                            "
"                                               °            "
"                                                 o          "
"                                                            "
"                                                        °   "
"                                                          ° "
"                                                            "
"                                                            "
"                                                    °       "
"                ~        <><                                "
"     ~           )     °                    o               "
"    (            )        °              o><(((°>       ><(("
"    (            )               °                          "
"   ° (   ~     ~ )                                          "
".··.^·.··.··.··^··.··.··.·^.··.··.··.^·.··.··.··^··.··.··.·^"
