---
source: src/render.rs
expression: terminal.backend().to_string()
---
"~   ~ ~ ~  ~~~~~~~~   ~ ~ ~  ~~~~~~~~  ~ ~ ~   ~~~~~~~~  ~ ~"
"                                                            "
"                                        o                   "
"                                                            "
")))°<                                                       "
"firefox°                                                    "
"                       °                                    "
"    °                   °                                   "
"                                                      o     "
"                  o  °            °                         "
"                                                            "
"                                                            "
"                             │ details ───────────────────│ "
"                             │ firefox                    │ "
"                ~            │ pid 1       ppid -         │ "
"     ~       °   )           │ cpu 35.0%                  │ "
"    ><>          )           │ mem 2.0 GiB                │ "
"    zsh          )           │ sleeping                   │ "
"))°< (   ~     ~ )           │────────────────────────────│ "
".··.^·.··.··.··^··.··.··.·^.··.··.··.^·.··.··.··^··.··.··.·^"
